// Jest Snapshot v1, https://goo.gl/fbAQLP

exports[`Storyshots PlaylistsList default 1`] = `
<div>
  <p
    className="style__SecondaryLabel-sc-1fr9lv-0 DlWWi"
  >
     Select playlist:
  </p>
  <div
    className="style__Container-ptzrf3-0 bVdKcz"
  />
</div>
`;
